// Jest Snapshot v1, https://goo.gl/fbAQLP

exports[`should render a expense item with expense data 1`] = `
<div>
  <Link
    replace={false}
    to="/edit/1"
  >
    <h3>
      Gum
    </h3>
  </Link>
  <p>
    199
    -
    0
  </p>
</div>
`;
