// Jest Snapshot v1, https://goo.gl/fbAQLP

exports[`should render Expense Dash Board page 1`] = `
<div>
  <h1>
    Expense DashBoard
  </h1>
  <Connect(ExpenseListFilters) />
  <Connect(ExpenseList) />
  <Connect(ExpensesSummary) />
</div>
`;
